mode: atomic
github.com/SangTran-127/quacker/workerpool/workerpool.go:74.102,75.22 1 10
github.com/SangTran-127/quacker/workerpool/workerpool.go:75.22,77.3 1 2
github.com/SangTran-127/quacker/workerpool/workerpool.go:79.2,79.24 1 8
github.com/SangTran-127/quacker/workerpool/workerpool.go:79.24,81.3 1 1
github.com/SangTran-127/quacker/workerpool/workerpool.go:83.2,95.8 2 7
github.com/SangTran-127/quacker/workerpool/workerpool.go:102.39,104.36 1 5
github.com/SangTran-127/quacker/workerpool/workerpool.go:104.36,106.30 2 17
github.com/SangTran-127/quacker/workerpool/workerpool.go:106.30,108.4 1 17
github.com/SangTran-127/quacker/workerpool/workerpool.go:110.2,113.12 4 5
github.com/SangTran-127/quacker/workerpool/workerpool.go:121.44,122.9 1 152
github.com/SangTran-127/quacker/workerpool/workerpool.go:123.27,124.13 1 62
github.com/SangTran-127/quacker/workerpool/workerpool.go:125.22,126.21 1 89
github.com/SangTran-127/quacker/workerpool/workerpool.go:127.10,128.42 1 1
github.com/SangTran-127/quacker/workerpool/workerpool.go:135.32,137.2 1 1
github.com/SangTran-127/quacker/workerpool/workerpool.go:143.38,145.2 1 1
github.com/SangTran-127/quacker/workerpool/workerpool.go:147.45,150.2 2 4
github.com/SangTran-127/quacker/workerpool/workerpool.go:156.54,168.2 5 1000
github.com/SangTran-127/quacker/workerpool/workerpool.go:174.52,175.6 1 17
github.com/SangTran-127/quacker/workerpool/workerpool.go:175.6,176.10 1 63
github.com/SangTran-127/quacker/workerpool/workerpool.go:177.34,178.11 1 61
github.com/SangTran-127/quacker/workerpool/workerpool.go:178.11,180.5 1 15
github.com/SangTran-127/quacker/workerpool/workerpool.go:181.4,181.33 1 46
github.com/SangTran-127/quacker/workerpool/workerpool.go:182.23,183.22 1 2
github.com/SangTran-127/quacker/workerpool/workerpool.go:193.59,195.15 2 46
github.com/SangTran-127/quacker/workerpool/workerpool.go:195.15,196.31 1 46
github.com/SangTran-127/quacker/workerpool/workerpool.go:196.31,198.29 2 1
github.com/SangTran-127/quacker/workerpool/workerpool.go:198.29,200.5 1 1
github.com/SangTran-127/quacker/workerpool/workerpool.go:204.2,204.44 1 46
github.com/SangTran-127/quacker/workerpool/workerpool.go:204.44,206.26 2 1
github.com/SangTran-127/quacker/workerpool/workerpool.go:206.26,208.4 1 1
github.com/SangTran-127/quacker/workerpool/workerpool.go:209.3,209.9 1 1
github.com/SangTran-127/quacker/workerpool/workerpool.go:212.2,212.33 1 44
github.com/SangTran-127/quacker/workerpool/workerpool.go:217.62,221.2 3 44
github.com/SangTran-127/quacker/workerpool/workerpool.go:225.44,229.2 3 2
