mode: atomic
github.com/SangTran-127/quacker/fanout/fanout.go:148.59,156.27 2 10
github.com/SangTran-127/quacker/fanout/fanout.go:156.27,158.3 1 24
github.com/SangTran-127/quacker/fanout/fanout.go:160.2,160.25 1 10
github.com/SangTran-127/quacker/fanout/fanout.go:160.25,162.3 1 1
github.com/SangTran-127/quacker/fanout/fanout.go:164.2,164.24 1 9
github.com/SangTran-127/quacker/fanout/fanout.go:164.24,166.3 1 1
github.com/SangTran-127/quacker/fanout/fanout.go:168.2,170.25 2 8
github.com/SangTran-127/quacker/fanout/fanout.go:170.25,172.3 1 19
github.com/SangTran-127/quacker/fanout/fanout.go:174.2,177.8 1 8
github.com/SangTran-127/quacker/fanout/fanout.go:204.62,205.44 1 8
github.com/SangTran-127/quacker/fanout/fanout.go:205.44,206.47 1 1
github.com/SangTran-127/quacker/fanout/fanout.go:209.2,209.12 1 7
github.com/SangTran-127/quacker/fanout/fanout.go:209.12,213.7 4 7
github.com/SangTran-127/quacker/fanout/fanout.go:213.7,214.11 1 74
github.com/SangTran-127/quacker/fanout/fanout.go:215.30,216.12 1 69
github.com/SangTran-127/quacker/fanout/fanout.go:216.12,218.6 1 2
github.com/SangTran-127/quacker/fanout/fanout.go:219.5,219.27 1 67
github.com/SangTran-127/quacker/fanout/fanout.go:220.21,221.36 1 56
github.com/SangTran-127/quacker/fanout/fanout.go:223.20,224.29 1 11
github.com/SangTran-127/quacker/fanout/fanout.go:227.22,228.11 1 5
github.com/SangTran-127/quacker/fanout/fanout.go:251.42,252.19 1 6
github.com/SangTran-127/quacker/fanout/fanout.go:252.19,256.32 2 6
github.com/SangTran-127/quacker/fanout/fanout.go:256.32,258.4 1 15
github.com/SangTran-127/quacker/fanout/fanout.go:261.2,261.24 1 6
github.com/SangTran-127/quacker/fanout/fanout.go:267.74,269.9 2 56
github.com/SangTran-127/quacker/fanout/fanout.go:270.34,272.28 2 55
github.com/SangTran-127/quacker/fanout/fanout.go:272.28,274.4 1 10
github.com/SangTran-127/quacker/fanout/fanout.go:275.20,276.9 1 1
github.com/SangTran-127/quacker/fanout/fanout.go:285.61,287.31 2 11
github.com/SangTran-127/quacker/fanout/fanout.go:287.31,289.16 1 23
github.com/SangTran-127/quacker/fanout/fanout.go:289.16,290.11 1 23
github.com/SangTran-127/quacker/fanout/fanout.go:291.21,292.30 1 20
github.com/SangTran-127/quacker/fanout/fanout.go:292.30,294.6 1 20
github.com/SangTran-127/quacker/fanout/fanout.go:295.22,296.11 1 3
github.com/SangTran-127/quacker/fanout/fanout.go:301.2,301.11 1 11
github.com/SangTran-127/quacker/fanout/fanout.go:307.38,308.31 1 7
github.com/SangTran-127/quacker/fanout/fanout.go:308.31,310.3 1 18
github.com/SangTran-127/quacker/fanout/fanout.go:312.2,312.27 1 7
github.com/SangTran-127/quacker/fanout/fanout.go:312.27,314.3 1 2
github.com/SangTran-127/quacker/fanout/fanout.go:322.36,323.33 1 8
github.com/SangTran-127/quacker/fanout/fanout.go:323.33,325.3 1 8
github.com/SangTran-127/quacker/fanout/fanout.go:334.38,335.33 1 6
github.com/SangTran-127/quacker/fanout/fanout.go:335.33,337.3 1 6
github.com/SangTran-127/quacker/fanout/fanout.go:346.51,347.33 1 5
github.com/SangTran-127/quacker/fanout/fanout.go:347.33,349.3 1 5
github.com/SangTran-127/quacker/fanout/fanout.go:357.51,358.33 1 3
github.com/SangTran-127/quacker/fanout/fanout.go:358.33,360.3 1 3
